// Jest Snapshot v1, https://goo.gl/fbAQLP

exports[`themes >> animatedBox Should render animated box with text inside Render snapshot correctly 1`] = `
<View
  style={Object {}}
>
  <Text
    style={
      Array [
        Object {
          "color": "#000000",
          "display": "flex",
          "fontSize": 32,
          "lineHeight": 38,
        },
      ]
    }
  >
    H1 variant
  </Text>
</View>
`;
