// Jest Snapshot v1, https://goo.gl/fbAQLP

exports[`src >> themes >> card Should match snapshot 1`] = `
<View
  bottom={0}
  left={0}
  position="absolute"
  right={0}
  style={
    Array [
      Object {
        "backgroundColor": "transparent",
      },
      Array [
        Object {
          "borderBottomLeftRadius": 16,
          "borderBottomRightRadius": 16,
          "overflow": "hidden",
          "padding": 8,
        },
      ],
    ]
  }
>
  <ViewManagerAdapter_ExpoBlurView
    proxiedProperties={
      Object {
        "intensity": 80,
        "tint": "dark",
      }
    }
    style={
      Object {
        "bottom": 0,
        "left": 0,
        "position": "absolute",
        "right": 0,
        "top": 0,
      }
    }
  />
  <Text
    style={
      Array [
        Object {
          "color": "#ffffff",
          "display": "flex",
          "fontFamily": "SFUIText-Regular",
          "fontSize": 20,
          "textAlign": "center",
        },
      ]
    }
  >
    Test title
  </Text>
</View>
`;
