// Jest Snapshot v1, https://goo.gl/fbAQLP

exports[`Given discover header is rendered Should match snapshot 1`] = `
<View
  style={
    Array [
      Object {
        "alignContent": "center",
        "alignItems": "center",
        "display": "flex",
        "flexDirection": "row",
        "justifyContent": "space-between",
      },
      Array [
        Object {},
      ],
    ]
  }
>
  <View
    accessible={true}
    collapsable={false}
    focusable={true}
    onClick={[Function]}
    onResponderGrant={[Function]}
    onResponderMove={[Function]}
    onResponderRelease={[Function]}
    onResponderTerminate={[Function]}
    onResponderTerminationRequest={[Function]}
    onStartShouldSetResponder={[Function]}
    style={
      Object {
        "alignItems": "center",
        "flexDirection": "row",
        "opacity": 1,
      }
    }
    testID="avatar-test-id"
  >
    <View
      style={
        Array [
          Object {
            "alignItems": "center",
            "backgroundColor": "#67B6A8",
            "borderRadius": 96,
            "borderWidth": 0,
            "display": "flex",
            "height": 40,
            "justifyContent": "center",
            "padding": 16,
            "width": 40,
          },
          Array [
            Object {},
          ],
        ]
      }
    />
  </View>
  <View
    style={
      Array [
        Object {
          "display": "flex",
          "marginLeft": 8,
          "width": "75%",
        },
        Array [
          Object {},
        ],
      ]
    }
  >
    <Text
      numberOfLines={1}
      style={
        Array [
          Object {
            "color": "#282828",
            "display": "flex",
            "fontFamily": "SFUIText-Regular",
            "fontSize": 20,
          },
        ]
      }
    >
      Hi, 
      John Smith
    </Text>
  </View>
  <View
    accessible={true}
    collapsable={false}
    focusable={true}
    onClick={[Function]}
    onResponderGrant={[Function]}
    onResponderMove={[Function]}
    onResponderRelease={[Function]}
    onResponderTerminate={[Function]}
    onResponderTerminationRequest={[Function]}
    onStartShouldSetResponder={[Function]}
    style={
      Object {
        "opacity": 1,
      }
    }
    testID="search-icon-test-id"
  >
    <RNSVGSvgView
      align="xMidYMid"
      bbHeight={24}
      bbWidth={24}
      fill="#CBCBCB"
      focusable={false}
      height={24}
      meetOrSlice={0}
      minX={0}
      minY={0}
      secondaryFill={null}
      secondaryOpacity={0.4}
      size={24}
      style={
        Array [
          Object {
            "backgroundColor": "transparent",
            "borderWidth": 0,
          },
          Object {},
          Object {
            "flex": 0,
            "height": 24,
            "width": 24,
          },
        ]
      }
      vbHeight={512}
      vbWidth={512}
      width={24}
    >
      <RNSVGGroup
        fill={4291546059}
        propList={
          Array [
            "fill",
          ]
        }
      >
        <RNSVGPath
          d="M505 442.7L405.3 343c-4.5-4.5-10.6-7-17-7H372c27.6-35.3 44-79.7 44-128C416 93.1 322.9 0 208 0S0 93.1 0 208s93.1 208 208 208c48.3 0 92.7-16.4 128-44v16.3c0 6.4 2.5 12.5 7 17l99.7 99.7c9.4 9.4 24.6 9.4 33.9 0l28.3-28.3c9.4-9.4 9.4-24.6.1-34zM208 336c-70.7 0-128-57.2-128-128 0-70.7 57.2-128 128-128 70.7 0 128 57.2 128 128 0 70.7-57.2 128-128 128z"
          fill={4291546059}
          fillOpacity={1}
          propList={
            Array [
              "fill",
              "fillOpacity",
            ]
          }
        />
      </RNSVGGroup>
    </RNSVGSvgView>
  </View>
</View>
`;
