// Jest Snapshot v1, https://goo.gl/fbAQLP

exports[`themes >> ModalHeader Render modal header Should render modal header correctly 1`] = `
<View
  style={
    Array [
      Object {
        "alignContent": "flex-start",
        "alignItems": "flex-start",
        "display": "flex",
        "margin": 8,
      },
    ]
  }
>
  <View
    accessible={true}
    collapsable={false}
    focusable={true}
    onBlur={[Function]}
    onClick={[Function]}
    onFocus={[Function]}
    onResponderGrant={[Function]}
    onResponderMove={[Function]}
    onResponderRelease={[Function]}
    onResponderTerminate={[Function]}
    onResponderTerminationRequest={[Function]}
    onStartShouldSetResponder={[Function]}
    style={
      Array [
        Object {},
      ]
    }
  >
    <Text
      style={
        Array [
          Object {
            "color": "#f4f5f5",
            "display": "flex",
            "fontSize": 16,
            "fontWeight": "bold",
            "lineHeight": 24,
          },
        ]
      }
    >
      X
    </Text>
  </View>
</View>
`;
