// Jest Snapshot v1, https://goo.gl/fbAQLP

exports[`Help card component test  Should render help card correctly 1`] = `
<View
  style={
    Array [
      Object {
        "borderBottomWidth": 1,
        "display": "flex",
        "margin": 16,
        "paddingBottom": 8,
      },
      Array [
        Object {},
      ],
    ]
  }
>
  <Text
    style={
      Array [
        Object {
          "color": "#000000",
          "display": "flex",
          "fontSize": 16,
          "lineHeight": 24,
        },
      ]
    }
  >
    Test title
  </Text>
  <Text
    style={
      Array [
        Object {
          "color": "#54575a",
          "display": "flex",
          "fontSize": 14,
          "lineHeight": 18,
          "marginTop": 16,
        },
      ]
    }
  >
    Test sub text
  </Text>
</View>
`;
